**** WARNING: Context-bounded analysis may yield unsound verification results
Enabling Partial Order Reduction
Deagle version 4.1.0 64-bit x86_64 linux
which contains:
CBMC version 5.67.0 (29571c48-dirty) 64-bit x86_64 linux
Parsing main.c
Converting
Type-checking main
Generating GOTO Program
Adding CPROVER library (x86_64)
Removal of function pointers and virtual functions
file <builtin-library-__spawned_thread> line 34 function __spawned_thread: replacing function pointer by 1 possible targets
Generic Property Instrumentation
Running with 8 object bits, 24 offset bits (default)
Starting Bounded Model Checking
Unwinding loop main.0 iteration 1 file main.c line 32 function main thread 0
Unwinding loop main.0 iteration 2 file main.c line 32 function main thread 0
Unwinding loop main.0 iteration 3 file main.c line 32 function main thread 0
Not unwinding loop main.0 iteration 4 file main.c line 32 function main thread 0
Unwinding incomplete: 1 loop/recursion bound(s) hit; a counterexample is still real, but a safe result here is not a proof
Start removing dummy accesses: 120 steps before removal
120 steps after removal
Runtime Symex: 0.00197708s
size of program expression: 120 steps
simple slicing removed 0 assignments
Generated 0 VCC(s), 0 remaining after simplification
Runtime Postprocess Equation: 1.5022e-05s
No property was generated and the run was truncated: nothing has been verified

** Results:
[truncated.nothing.verified.1] the bound cut every path before any property was reached, so nothing was verified: UNKNOWN

** 0 of 1 failed (1 iterations)
VERIFICATION INCONCLUSIVE
EXIT=5
SIGNAL=0
