Terminals unused in grammar

    "free"
    "declare"
    "declare-loc"
    "error"
    "save"
    "total"
    "view"
    "warning"
    ","


State 52 conflicts: 4 shift/reduce


Grammar

    0 $accept: main YYEOF

    1 main: %empty
    2     | main decl

    3 decl: "include" QPATH
    4     | QPATH
    5     | "let" ID "=" rel
    6     | "let" "rec" ID "=" rel
    7     | "let" ID "=" "0"
    8     | constraint

    9 qualified_ID: ID
   10             | ID "::" ID

   11 constraint: "empty" rel
   12           | "acyclic" rel
   13           | "irreflexive" rel
   14           | "empty" rel "as" ID
   15           | "acyclic" rel "as" ID
   16           | "irreflexive" rel "as" ID
   17           | "flag" "~empty" rel
   18           | "flag" "~empty" rel "as" ID

   19 rel: "id"
   20    | qualified_ID
   21    | "(" rel ")"
   22    | "[" rel "]"
   23    | "[" "]"
   24    | rel "|" rel
   25    | rel ";" rel
   26    | rel "&" rel
   27    | rel "\\" rel
   28    | rel "*" rel
   29    | rel "+"
   30    | rel "*"
   31    | rel "?"
   32    | rel "^" "-1"
   33    | "fencerel" rel


Terminals, with rules where they appear

    YYEOF (0) 0
    error (256)
    "free" (258)
    "acyclic" (259) 12 15
    "irreflexive" (260) 13 16
    "declare" (261)
    "declare-loc" (262)
    "empty" (263) 11 14
    "~empty" (264) 17 18
    "flag" (265) 17 18
    "error" (266)
    "id" (267) 19
    "as" (268) 14 15 16 18
    "include" (269) 3
    "let" (270) 5 6 7
    "rec" (271) 6
    "save" (272)
    "total" (273)
    "view" (274)
    "warning" (275)
    "=" (276) 5 6 7
    "::" (277) 10
    "," (278)
    "0" (279) 7
    "-1" (280) 32
    ";" (281) 25
    "&" (282) 26
    "|" (283) 24
    "\\" (284) 27
    "+" (285) 29
    "*" (286) 28 30
    "?" (287) 31
    "(" (288) 21
    ")" (289) 21
    "[" (290) 22 23
    "]" (291) 22 23
    "^" (292) 32
    "fencerel" (293) 33
    ID <std::string> (294) 5 6 7 9 10 14 15 16 18
    QPATH <std::string> (295) 3 4


Nonterminals, with rules where they appear

    $accept (41)
        on left: 0
    qualified_ID <std::string> (42)
        on left: 9 10
        on right: 20
    rel <cat_relationt> (43)
        on left: 19 20 21 22 23 24 25 26 27 28 29 30 31 32 33
        on right: 5 6 11 12 13 14 15 16 17 18 21 22 24 25 26 27 28 29 30 31 32 33
    main (44)
        on left: 1 2
        on right: 0 2
    decl (45)
        on left: 3 4 5 6 7 8
        on right: 2
    constraint (46)
        on left: 11 12 13 14 15 16 17 18
        on right: 8


State 0

    0 $accept: . main YYEOF

    $default  reduce using rule 1 (main)

    main  go to state 1


State 1

    0 $accept: main . YYEOF
    2 main: main . decl

    YYEOF          shift, and go to state 2
    "acyclic"      shift, and go to state 3
    "irreflexive"  shift, and go to state 4
    "empty"        shift, and go to state 5
    "flag"         shift, and go to state 6
    "include"      shift, and go to state 7
    "let"          shift, and go to state 8
    QPATH          shift, and go to state 9

    decl        go to state 10
    constraint  go to state 11


State 2

    0 $accept: main YYEOF .

    $default  accept


State 3

   12 constraint: "acyclic" . rel
   15           | "acyclic" . rel "as" ID

    "id"        shift, and go to state 12
    "("         shift, and go to state 13
    "["         shift, and go to state 14
    "fencerel"  shift, and go to state 15
    ID          shift, and go to state 16

    qualified_ID  go to state 17
    rel           go to state 18


State 4

   13 constraint: "irreflexive" . rel
   16           | "irreflexive" . rel "as" ID

    "id"        shift, and go to state 12
    "("         shift, and go to state 13
    "["         shift, and go to state 14
    "fencerel"  shift, and go to state 15
    ID          shift, and go to state 16

    qualified_ID  go to state 17
    rel           go to state 19


State 5

   11 constraint: "empty" . rel
   14           | "empty" . rel "as" ID

    "id"        shift, and go to state 12
    "("         shift, and go to state 13
    "["         shift, and go to state 14
    "fencerel"  shift, and go to state 15
    ID          shift, and go to state 16

    qualified_ID  go to state 17
    rel           go to state 20


State 6

   17 constraint: "flag" . "~empty" rel
   18           | "flag" . "~empty" rel "as" ID

    "~empty"  shift, and go to state 21


State 7

    3 decl: "include" . QPATH

    QPATH  shift, and go to state 22


State 8

    5 decl: "let" . ID "=" rel
    6     | "let" . "rec" ID "=" rel
    7     | "let" . ID "=" "0"

    "rec"  shift, and go to state 23
    ID     shift, and go to state 24


State 9

    4 decl: QPATH .

    $default  reduce using rule 4 (decl)


State 10

    2 main: main decl .

    $default  reduce using rule 2 (main)


State 11

    8 decl: constraint .

    $default  reduce using rule 8 (decl)


State 12

   19 rel: "id" .

    $default  reduce using rule 19 (rel)


State 13

   21 rel: "(" . rel ")"

    "id"        shift, and go to state 12
    "("         shift, and go to state 13
    "["         shift, and go to state 14
    "fencerel"  shift, and go to state 15
    ID          shift, and go to state 16

    qualified_ID  go to state 17
    rel           go to state 25


State 14

   22 rel: "[" . rel "]"
   23    | "[" . "]"

    "id"        shift, and go to state 12
    "("         shift, and go to state 13
    "["         shift, and go to state 14
    "]"         shift, and go to state 26
    "fencerel"  shift, and go to state 15
    ID          shift, and go to state 16

    qualified_ID  go to state 17
    rel           go to state 27


State 15

   33 rel: "fencerel" . rel

    "id"        shift, and go to state 12
    "("         shift, and go to state 13
    "["         shift, and go to state 14
    "fencerel"  shift, and go to state 15
    ID          shift, and go to state 16

    qualified_ID  go to state 17
    rel           go to state 28


State 16

    9 qualified_ID: ID .
   10             | ID . "::" ID

    "::"  shift, and go to state 29

    $default  reduce using rule 9 (qualified_ID)


State 17

   20 rel: qualified_ID .

    $default  reduce using rule 20 (rel)


State 18

   12 constraint: "acyclic" rel .
   15           | "acyclic" rel . "as" ID
   24 rel: rel . "|" rel
   25    | rel . ";" rel
   26    | rel . "&" rel
   27    | rel . "\\" rel
   28    | rel . "*" rel
   29    | rel . "+"
   30    | rel . "*"
   31    | rel . "?"
   32    | rel . "^" "-1"

    "as"  shift, and go to state 30
    ";"   shift, and go to state 31
    "&"   shift, and go to state 32
    "|"   shift, and go to state 33
    "\\"  shift, and go to state 34
    "+"   shift, and go to state 35
    "*"   shift, and go to state 36
    "?"   shift, and go to state 37
    "^"   shift, and go to state 38

    $default  reduce using rule 12 (constraint)


State 19

   13 constraint: "irreflexive" rel .
   16           | "irreflexive" rel . "as" ID
   24 rel: rel . "|" rel
   25    | rel . ";" rel
   26    | rel . "&" rel
   27    | rel . "\\" rel
   28    | rel . "*" rel
   29    | rel . "+"
   30    | rel . "*"
   31    | rel . "?"
   32    | rel . "^" "-1"

    "as"  shift, and go to state 39
    ";"   shift, and go to state 31
    "&"   shift, and go to state 32
    "|"   shift, and go to state 33
    "\\"  shift, and go to state 34
    "+"   shift, and go to state 35
    "*"   shift, and go to state 36
    "?"   shift, and go to state 37
    "^"   shift, and go to state 38

    $default  reduce using rule 13 (constraint)


State 20

   11 constraint: "empty" rel .
   14           | "empty" rel . "as" ID
   24 rel: rel . "|" rel
   25    | rel . ";" rel
   26    | rel . "&" rel
   27    | rel . "\\" rel
   28    | rel . "*" rel
   29    | rel . "+"
   30    | rel . "*"
   31    | rel . "?"
   32    | rel . "^" "-1"

    "as"  shift, and go to state 40
    ";"   shift, and go to state 31
    "&"   shift, and go to state 32
    "|"   shift, and go to state 33
    "\\"  shift, and go to state 34
    "+"   shift, and go to state 35
    "*"   shift, and go to state 36
    "?"   shift, and go to state 37
    "^"   shift, and go to state 38

    $default  reduce using rule 11 (constraint)


State 21

   17 constraint: "flag" "~empty" . rel
   18           | "flag" "~empty" . rel "as" ID

    "id"        shift, and go to state 12
    "("         shift, and go to state 13
    "["         shift, and go to state 14
    "fencerel"  shift, and go to state 15
    ID          shift, and go to state 16

    qualified_ID  go to state 17
    rel           go to state 41


State 22

    3 decl: "include" QPATH .

    $default  reduce using rule 3 (decl)


State 23

    6 decl: "let" "rec" . ID "=" rel

    ID  shift, and go to state 42


State 24

    5 decl: "let" ID . "=" rel
    7     | "let" ID . "=" "0"

    "="  shift, and go to state 43


State 25

   21 rel: "(" rel . ")"
   24    | rel . "|" rel
   25    | rel . ";" rel
   26    | rel . "&" rel
   27    | rel . "\\" rel
   28    | rel . "*" rel
   29    | rel . "+"
   30    | rel . "*"
   31    | rel . "?"
   32    | rel . "^" "-1"

    ";"   shift, and go to state 31
    "&"   shift, and go to state 32
    "|"   shift, and go to state 33
    "\\"  shift, and go to state 34
    "+"   shift, and go to state 35
    "*"   shift, and go to state 36
    "?"   shift, and go to state 37
    ")"   shift, and go to state 44
    "^"   shift, and go to state 38


State 26

   23 rel: "[" "]" .

    $default  reduce using rule 23 (rel)


State 27

   22 rel: "[" rel . "]"
   24    | rel . "|" rel
   25    | rel . ";" rel
   26    | rel . "&" rel
   27    | rel . "\\" rel
   28    | rel . "*" rel
   29    | rel . "+"
   30    | rel . "*"
   31    | rel . "?"
   32    | rel . "^" "-1"

    ";"   shift, and go to state 31
    "&"   shift, and go to state 32
    "|"   shift, and go to state 33
    "\\"  shift, and go to state 34
    "+"   shift, and go to state 35
    "*"   shift, and go to state 36
    "?"   shift, and go to state 37
    "]"   shift, and go to state 45
    "^"   shift, and go to state 38


State 28

   24 rel: rel . "|" rel
   25    | rel . ";" rel
   26    | rel . "&" rel
   27    | rel . "\\" rel
   28    | rel . "*" rel
   29    | rel . "+"
   30    | rel . "*"
   31    | rel . "?"
   32    | rel . "^" "-1"
   33    | "fencerel" rel .

    $default  reduce using rule 33 (rel)


State 29

   10 qualified_ID: ID "::" . ID

    ID  shift, and go to state 46


State 30

   15 constraint: "acyclic" rel "as" . ID

    ID  shift, and go to state 47


State 31

   25 rel: rel ";" . rel

    "id"        shift, and go to state 12
    "("         shift, and go to state 13
    "["         shift, and go to state 14
    "fencerel"  shift, and go to state 15
    ID          shift, and go to state 16

    qualified_ID  go to state 17
    rel           go to state 48


State 32

   26 rel: rel "&" . rel

    "id"        shift, and go to state 12
    "("         shift, and go to state 13
    "["         shift, and go to state 14
    "fencerel"  shift, and go to state 15
    ID          shift, and go to state 16

    qualified_ID  go to state 17
    rel           go to state 49


State 33

   24 rel: rel "|" . rel

    "id"        shift, and go to state 12
    "("         shift, and go to state 13
    "["         shift, and go to state 14
    "fencerel"  shift, and go to state 15
    ID          shift, and go to state 16

    qualified_ID  go to state 17
    rel           go to state 50


State 34

   27 rel: rel "\\" . rel

    "id"        shift, and go to state 12
    "("         shift, and go to state 13
    "["         shift, and go to state 14
    "fencerel"  shift, and go to state 15
    ID          shift, and go to state 16

    qualified_ID  go to state 17
    rel           go to state 51


State 35

   29 rel: rel "+" .

    $default  reduce using rule 29 (rel)


State 36

   28 rel: rel "*" . rel
   30    | rel "*" .

    "id"        shift, and go to state 12
    "("         shift, and go to state 13
    "["         shift, and go to state 14
    "fencerel"  shift, and go to state 15
    ID          shift, and go to state 16

    $default  reduce using rule 30 (rel)

    qualified_ID  go to state 17
    rel           go to state 52


State 37

   31 rel: rel "?" .

    $default  reduce using rule 31 (rel)


State 38

   32 rel: rel "^" . "-1"

    "-1"  shift, and go to state 53


State 39

   16 constraint: "irreflexive" rel "as" . ID

    ID  shift, and go to state 54


State 40

   14 constraint: "empty" rel "as" . ID

    ID  shift, and go to state 55


State 41

   17 constraint: "flag" "~empty" rel .
   18           | "flag" "~empty" rel . "as" ID
   24 rel: rel . "|" rel
   25    | rel . ";" rel
   26    | rel . "&" rel
   27    | rel . "\\" rel
   28    | rel . "*" rel
   29    | rel . "+"
   30    | rel . "*"
   31    | rel . "?"
   32    | rel . "^" "-1"

    "as"  shift, and go to state 56
    ";"   shift, and go to state 31
    "&"   shift, and go to state 32
    "|"   shift, and go to state 33
    "\\"  shift, and go to state 34
    "+"   shift, and go to state 35
    "*"   shift, and go to state 36
    "?"   shift, and go to state 37
    "^"   shift, and go to state 38

    $default  reduce using rule 17 (constraint)


State 42

    6 decl: "let" "rec" ID . "=" rel

    "="  shift, and go to state 57


State 43

    5 decl: "let" ID "=" . rel
    7     | "let" ID "=" . "0"

    "id"        shift, and go to state 12
    "0"         shift, and go to state 58
    "("         shift, and go to state 13
    "["         shift, and go to state 14
    "fencerel"  shift, and go to state 15
    ID          shift, and go to state 16

    qualified_ID  go to state 17
    rel           go to state 59


State 44

   21 rel: "(" rel ")" .

    $default  reduce using rule 21 (rel)


State 45

   22 rel: "[" rel "]" .

    $default  reduce using rule 22 (rel)


State 46

   10 qualified_ID: ID "::" ID .

    $default  reduce using rule 10 (qualified_ID)


State 47

   15 constraint: "acyclic" rel "as" ID .

    $default  reduce using rule 15 (constraint)


State 48

   24 rel: rel . "|" rel
   25    | rel . ";" rel
   25    | rel ";" rel .
   26    | rel . "&" rel
   27    | rel . "\\" rel
   28    | rel . "*" rel
   29    | rel . "+"
   30    | rel . "*"
   31    | rel . "?"
   32    | rel . "^" "-1"

    "+"  shift, and go to state 35
    "*"  shift, and go to state 36
    "?"  shift, and go to state 37
    "^"  shift, and go to state 38

    $default  reduce using rule 25 (rel)


State 49

   24 rel: rel . "|" rel
   25    | rel . ";" rel
   26    | rel . "&" rel
   26    | rel "&" rel .
   27    | rel . "\\" rel
   28    | rel . "*" rel
   29    | rel . "+"
   30    | rel . "*"
   31    | rel . "?"
   32    | rel . "^" "-1"

    ";"  shift, and go to state 31
    "+"  shift, and go to state 35
    "*"  shift, and go to state 36
    "?"  shift, and go to state 37
    "^"  shift, and go to state 38

    $default  reduce using rule 26 (rel)


State 50

   24 rel: rel . "|" rel
   24    | rel "|" rel .
   25    | rel . ";" rel
   26    | rel . "&" rel
   27    | rel . "\\" rel
   28    | rel . "*" rel
   29    | rel . "+"
   30    | rel . "*"
   31    | rel . "?"
   32    | rel . "^" "-1"

    ";"   shift, and go to state 31
    "&"   shift, and go to state 32
    "\\"  shift, and go to state 34
    "+"   shift, and go to state 35
    "*"   shift, and go to state 36
    "?"   shift, and go to state 37
    "^"   shift, and go to state 38

    $default  reduce using rule 24 (rel)


State 51

   24 rel: rel . "|" rel
   25    | rel . ";" rel
   26    | rel . "&" rel
   27    | rel . "\\" rel
   27    | rel "\\" rel .
   28    | rel . "*" rel
   29    | rel . "+"
   30    | rel . "*"
   31    | rel . "?"
   32    | rel . "^" "-1"

    ";"  shift, and go to state 31
    "+"  shift, and go to state 35
    "*"  shift, and go to state 36
    "?"  shift, and go to state 37
    "^"  shift, and go to state 38

    $default  reduce using rule 27 (rel)


State 52

   24 rel: rel . "|" rel
   25    | rel . ";" rel
   26    | rel . "&" rel
   27    | rel . "\\" rel
   28    | rel . "*" rel
   28    | rel "*" rel .
   29    | rel . "+"
   30    | rel . "*"
   31    | rel . "?"
   32    | rel . "^" "-1"

    "+"  shift, and go to state 35
    "*"  shift, and go to state 36
    "?"  shift, and go to state 37
    "^"  shift, and go to state 38

    "+"       [reduce using rule 28 (rel)]
    "*"       [reduce using rule 28 (rel)]
    "?"       [reduce using rule 28 (rel)]
    "^"       [reduce using rule 28 (rel)]
    $default  reduce using rule 28 (rel)


State 53

   32 rel: rel "^" "-1" .

    $default  reduce using rule 32 (rel)


State 54

   16 constraint: "irreflexive" rel "as" ID .

    $default  reduce using rule 16 (constraint)


State 55

   14 constraint: "empty" rel "as" ID .

    $default  reduce using rule 14 (constraint)


State 56

   18 constraint: "flag" "~empty" rel "as" . ID

    ID  shift, and go to state 60


State 57

    6 decl: "let" "rec" ID "=" . rel

    "id"        shift, and go to state 12
    "("         shift, and go to state 13
    "["         shift, and go to state 14
    "fencerel"  shift, and go to state 15
    ID          shift, and go to state 16

    qualified_ID  go to state 17
    rel           go to state 61


State 58

    7 decl: "let" ID "=" "0" .

    $default  reduce using rule 7 (decl)


State 59

    5 decl: "let" ID "=" rel .
   24 rel: rel . "|" rel
   25    | rel . ";" rel
   26    | rel . "&" rel
   27    | rel . "\\" rel
   28    | rel . "*" rel
   29    | rel . "+"
   30    | rel . "*"
   31    | rel . "?"
   32    | rel . "^" "-1"

    ";"   shift, and go to state 31
    "&"   shift, and go to state 32
    "|"   shift, and go to state 33
    "\\"  shift, and go to state 34
    "+"   shift, and go to state 35
    "*"   shift, and go to state 36
    "?"   shift, and go to state 37
    "^"   shift, and go to state 38

    $default  reduce using rule 5 (decl)


State 60

   18 constraint: "flag" "~empty" rel "as" ID .

    $default  reduce using rule 18 (constraint)


State 61

    6 decl: "let" "rec" ID "=" rel .
   24 rel: rel . "|" rel
   25    | rel . ";" rel
   26    | rel . "&" rel
   27    | rel . "\\" rel
   28    | rel . "*" rel
   29    | rel . "+"
   30    | rel . "*"
   31    | rel . "?"
   32    | rel . "^" "-1"

    ";"   shift, and go to state 31
    "&"   shift, and go to state 32
    "|"   shift, and go to state 33
    "\\"  shift, and go to state 34
    "+"   shift, and go to state 35
    "*"   shift, and go to state 36
    "?"   shift, and go to state 37
    "^"   shift, and go to state 38

    $default  reduce using rule 6 (decl)
